Case #1: 21
Case #2: 100
Case #3: 20
Case #4: 1
Case #5: 150
Case #6: 50000
Case #7: 7
Case #8: 9
Case #9: 9000
Case #10: 7472
Case #11: 1994
Case #12: 3450
Case #13: 4212
Case #14: 100000
Case #15: 13448
Case #16: 8669
Case #17: 37
Case #18: 17
Case #19: 30
Case #20: 19
Case #21: 4238
Case #22: 7337
Case #23: 6262
Case #24: 1850
Case #25: 257
Case #26: 149
Case #27: 163
Case #28: 202
Case #29: 210
Case #30: 3083
Case #31: 969
Case #32: 4718
Case #33: 16885
Case #34: 1589
Case #35: 5989
Case #36: 14012
Case #37: 2489
Case #38: 3559
Case #39: 17745
Case #40: 34350
Case #41: 5426
Case #42: 2368
Case #43: 4693
Case #44: 46032
Case #45: 4618
Case #46: 14620
Case #47: 3848
Case #48: 7197
Case #49: 164
Case #50: 4325
