Case #1: 21
Case #2: 100
Case #3: 20
Case #4: 1
Case #5: 150
Case #6: 50000
Case #7: 7
Case #8: 9
Case #9: 9000
Case #10: 7472
Case #11: 1994
Case #12: 3450
Case #13: 4212
Case #14: 100000
Case #15: 13448
Case #16: 8669
Case #17: 27
Case #18: 7
Case #19: 39
Case #20: 25
Case #21: 1576
Case #22: 5518
Case #23: 6199
Case #24: 4371
Case #25: 125
Case #26: 119
Case #27: 115
Case #28: 156
Case #29: 1275
Case #30: 619
Case #31: 1637
Case #32: 8321
Case #33: 14074
Case #34: 1349
Case #35: 31188
Case #36: 41890
Case #37: 58660
Case #38: 8977
Case #39: 11120
Case #40: 49664
Case #41: 14344
Case #42: 27004
Case #43: 37530
Case #44: 48246
Case #45: 31569
Case #46: 8541
Case #47: 12576
Case #48: 31857
Case #49: 14827
Case #50: 6860
