Case #1: 20
Case #2: 0
Case #3: 0
Case #4: 0
Case #5: 0
Case #6: 0
Case #7: 0
Case #8: 0
Case #9: 0
Case #10: 272
Case #11: 101
Case #12: 450
Case #13: 361
Case #14: 0
Case #15: 614
Case #16: 459
Case #17: 0
Case #18: 0
Case #19: 0
Case #20: 0
Case #21: 60
Case #22: 382
Case #23: 226
Case #24: 199
Case #25: 0
Case #26: 0
Case #27: 0
Case #28: 0
Case #29: 60
Case #30: 1107
Case #31: 1365
Case #32: 512
Case #33: 409
Case #34: 134
Case #35: 735
Case #36: 768
Case #37: 366
Case #38: 2718
Case #39: 1287
Case #40: 35
Case #41: 424
Case #42: 1364
Case #43: 198
Case #44: 2201
Case #45: 698
Case #46: 4350
Case #47: 2516
Case #48: 195
Case #49: 100
Case #50: 28