Case #1: 20
Case #2: 0
Case #3: 0
Case #4: 0
Case #5: 0
Case #6: 0
Case #7: 0
Case #8: 0
Case #9: 0
Case #10: 272
Case #11: 101
Case #12: 450
Case #13: 361
Case #14: 0
Case #15: 614
Case #16: 459
Case #17: 0
Case #18: 0
Case #19: 0
Case #20: 0
Case #21: 61
Case #22: 714
Case #23: 468
Case #24: 230
Case #25: 0
Case #26: 0
Case #27: 0
Case #28: 0
Case #29: 0
Case #30: 189
Case #31: 1720
Case #32: 1808
Case #33: 285
Case #34: 1568
Case #35: 85
Case #36: 498
Case #37: 2600
Case #38: 571
Case #39: 1459
Case #40: 806
Case #41: 150
Case #42: 183
Case #43: 468
Case #44: 1783
Case #45: 3192
Case #46: 1579
Case #47: 760
Case #48: 16
Case #49: 700
Case #50: 667
