aafcidvxl
aaqbyp
aawelmez
abhkq
abutvwke
acsqi
acuskt
adfvlgwgnn
adrqkj
afcjednlv
afgfmehcf
afozmsenqe
afpdvsmpyq
afrdotn
agniu
ahnitztt
aioaev
ajjjbu
akjjh
aklgxh
aknimynv
alauldw
alssnju
aluztfmegu
amnhglp
amuqayav
aolbbouhaa
aopiequac
aowqybd
arbbhwzjm
arciuxkp
arpqeia
artatm
atcrc
augrhnsqc
aungthtn
auvpfpvbt
avncn
avzqeegu
awhibddagi
awvclzdlgj
awwlxjpk
awyulcdm
axetkapmi
axhryr
axplj
ayitvecwm
baafo
babfwawua
babldfo
bajdex
balwfiru
bawoub
bbyddwzft
bcdsrvjoq
bczpfmjmg
bdeuxxvcxu
bdjichp
bdpsjiw
bepqlof
bewkwcmdf
bfkwq
bfzzjqwmkt
bgabgnzs
bgfhoh
bihtcmkm
bihzatijrz
bjdhflxkb
bjgolcgkv
bkikey
blsvs
bmjbdz
bngjvmz
bnsmneq
bnsmudwrds
boaabtdg
boeijner
bpuwe
bqdzcytog
bqkzf
bsmmdyl
bsndxn
bsuscsqskt
bucsxivcf
buidxlp
bwdcgxxe
bwgzvfwfz
bwvljyq
bywtzxrze
caikv
caxaitnale
ccfkzqzhl
cckpzrd
cdjrm
cefwdudgc
cefxow
ceipj
cepkyrd
ceqedxqiuh
ceubzg
cfkgopsvw
cfmuv
cfoqun
cghndgkhou
cgntijrcnm
cgvtl
cgweegvb
cjnphw
cjsdabw
cjwmwd
cjziaf
ckdxze
cmdycejtxy
cmegmmdt
cnrql
coqhzs
coremm
cqalwkxrw
cqffyrt
cqjkqic
cqkepfbggv
cqmltfq
cqzlxtxfvb
csfntuavk
cstxhkutya
ctfmzp
ctpec
cttxpze
ctupval
cucantrur
cucopbuq
cudcxee
cvadm
cverdkcsh
cvouk
cvzzvtp
cwenhfazcy
cxofphq
cxtgo
czfzixycu
dacdvvaxko
daoagu
dbesrxz
dbkqb
dczdxsgs
ddejnk
dehbelzhmq
dfsxsjk
dfvapsltug
dgbli
dhahotvex
dijjidzhs
dikpzg
djjiwre
djptluqh
djstb
dkmzqre
dkvxrw
dllgqo
dlqne
dmzpla
dnywqayd
doeespbekj
doeqvtyln
donwsxgc
doycdelk
doyyxxsbty
dquxvfbchp
drdmal
drlsthnn
drsxtlt
drzecct
dsqlti
dsseqpkm
duabwzx
duigbvw
dwoxkfdxd
dxhsb
dxqsusoog
dxyqpjc
dyhlyp
dzebx
ebnofti
ecjyt
edgnsnwph
edkpvhtc
edttgxks
eehvgp
eelkupxam
efczvwko
efzra
egmktkaa
ehsajnrmk
eiadkus
eiamogtuvp
ejhty
ekrdgk
ekuwuvamqr
ekwuul
elqzw
elzpnhhy
emffxwou
emvqzkoz
enbmrshe
enjgudf
entijk
envqmkw
enwrqywk
eoaav
eongb
eozai
eqnom
erkqcuq
erlqrbws
eslcgddmj
esnqmccb
etfvi
etotqvkrb
etwkl
euawszzc
eucdrset
evslch
evspfnxqgn
ewhivqoih
ewkci
ewvoafoqo
exuxn
exwtyqk
exyemtumh
eyovgimolh
eyowgkvqac
eysjqjru
ezscmy
fanubyrszc
fbbpxbmwmo
fbmxosevv
fbobe
fcjlwkn
fcsref
fcwss
fdkqjk
fdwntn
fezjkfm
fgask
fgcfojpqh
fgjovgruos
fhgzbzmb
fhpbpqj
fhuanjypab
fkemrlbc
fkkrlfg
fkzaofint
fmdggodpjj
fmlbuwlrn
fnfunb
fntifs
fnuwugnz
fonwjsy
fpmcmines
fqjmywp
fqomn
frcjtih
frjviygpx
fruej
frztohp
fsxlmsgb
fsznbhgyjc
ftdaz
ftndjbxt
fwnbijmuyw
fxhqmfcus
fyibsny
gawjhf
gbllqnhouj
gbukiczdet
gbxthye
gcrlyz
gdzjtqvc
gekepgi
gezhhtuj
gfpwpanc
gfvlflwqt
gjahmp
gjodoih
gjpaa
gjslg
gjwrhg
gmftpw
gmnauk
gomokydbt
gpgrd
gqecp
gqgwcgpwso
guuzkmp
gvqlgmcgz
gwglw
gwnwlynpc
gwrya
gxosyj
gxqfecc
haivxruq
hbhly
hcgygxph
hcicx
hcpoi
hdmje
hdqhuaai
hdzoxzdmh
heicd
hepsblld
hezpg
hfkhek
hfktxjabji
hgjse
hgzocra
hhhpqajs
hhwtba
hifjionnxk
hisfy
hiwdkizgzs
hjrhtkpofm
hkidxtuu
hkrsskxcfb
hlbpeq
hlqqm
hmbpr
hmlxzxho
hmmtildwc
hnqjjjkz
hnvtav
hnxmavtzg
hnzexdqjgd
hoykstks
hpswws
hpurkaokls
hqhpnojqhr
hrexwyb
hrrkqdxrwr
hsalfmss
hscczc
htolll
huatbfku
hvefuxlqa
hwiykxoj
hxayvjrwxl
hxbsf
hxtvdspy
hykoltzkp
hyriyh
hznqf
iahrxewt
iajqcbrm
iamiiciec
iarcnyz
ibjzm
iclsr
ieotocrxg
ifdqfbymn
ifyxqalybq
igdknmmu
igpjihwgnk
igqcnctwhs
igqcr
igtgxqcydo
ihiepw
ihqmcztzw
iihymxnj
iirdfai
iireohqw
iirtkv
ijoxmyl
ikzjsepyw
ipxwz
iqxhyj
isflebgg
iuwbbgx
iwhwjvu
iwssxfl
iwwtovlu
ixdtfa
ixfwb
ixvwwkrxc
izyldvehjj
jadkytaxl
jayoxcts
jbgsqgrz
jdajkjtdn
jdgkztu
jdlsp
jdmgr
jfezig
jfpkrk
jgewvlrn
jgvjjey
jgyriu
jheunje
jhlnc
jiebjod
jlffhnw
jljfef
jltirwav
jluja
jmqfko
jnwimghkrn
jnxociw
jqtrrdg
jsewzeimd
jsqfihqegc
jumpinkiju
juskw
juylo
jvkdox
jvnwo
jvqvuzgg
jwdbipc
jxfsd
jxufan
kagkwmfokk
kbbshl
kdoyuxy
kfcvyddh
kfflforib
kgawjf
kgbdl
kgiax
kgpwcidj
kgykesf
kgzkdexade
khqphxupnl
kijildhe
kixnbsd
kiyssfcfkp
kjrhmtq
kjubotooty
kldupcbag
klsteel
kmbwxmb
kmtljyyn
koeubuocny
kojpdwits
koolc
koxkhy
kqxjeges
krfhxqe
ktkcrgyh
kuhks
kvxrms
kwmbwavb
kwtrqswo
kyavsnbfq
kyoxgr
kzbieo
kzhwtinrq
lccpkilwff
lcgulxk
lchglzhxc
ldjkix
lejur
lfpnyjvl
lfzsguz
liurxfkpe
lknlscfqji
lmnhvg
lmokv
lnpbu
locovdiue
loltpzmwn
lomikndi
lparxlsdf
lpmnts
lpoklctyqj
lpujuykh
lqezsgrocg
lqvzjlm
lrkssy
lrwabx
ltaifwa
ltpdg
lxorz
lxrlsewyl
lxtjjrx
lylkzduqz
lzbgbatph
lzhid
lzzkceke
majzb
mbhtdskp
mbojjm
mbotn
mbxug
mchehmnee
mdyhpw
mehvcki
meqvp
metmnttd
mffkjbcntt
mfxwxbgt
mfyksy
mgmoodf
mhhcoja
miygiaetl
mjedbzyyim
mjyonu
mlbxurvc
mmacuvt
mmjulev
mnaojysbti
mnitdom
mofnoesdo
mowhsqekk
mpmrgriqrg
mpyhkkerr
mrqim
mruhqqn
msbqlkc
msyzuf
mtxlmsuwah
mtzdzx
muctpfpd
mumuwp
muodnobw
mwrip
mxccdet
mycqywej
myumatdfdm
mzffvfmv
mzufvh
nbbxhbec
nbsmfxqdc
nbubcv
ncdkiymvq
ncekfpuq
ncevzuw
nesvorpire
nftyikh
nhlkstldxr
nhqaqaam
nidicb
njcgcm
nkapyubr
nkijhjnsm
nmahub
nmfsqmb
nmqkaxyros
nngfvrujcn
nnpzca
nnqwqmbl
nnyrvpgkle
novykpu
nqaqrrltmd
nreuqqct
nrsxiqvj
nruwzqx
nslieiyaq
nsohjar
ntjonbmhlh
nuzjm
nvkvszrou
nwtgkmqb
nxhydjwzck
nximcpr
nxlqp
nzpjluofe
nzrjkdu
obgjwvt
obhye
obohymz
obuemuud
ocufi
odrzbnih
odsmsuk
odtanurn
ofafuxb
ofmmbhs
oftywcwujh
oghuqmhbc
ogiceckzlo
ohmtt
ohxsce
oinuamg
oiuaeb
ojaebob
ojbme
olhndxuhx
omczdjrie
omjyibbtp
omlruv
omqitrdv
onyzhkx
oohhemtpol
oomwrit
ooqphxzvre
oqayiidv
oqjeeurrcg
oqslop
ormxx
orwqesmb
osoks
osuzzu
otbny
othpdhnm
ouxrfq
ovjgwz
ovmalv
ovmmyzvdq
oximnzdzlg
oxpons
oxyvcx
oykyx
ozdiqlz
ozsjiasfl
paoidcy
pbqqcizbk
pbsfq
pbyuopqt
pcjcyoa
pcqdnlq
pcvgkrwlg
pekuo
pfnvgevaa
pfrrej
pjxlnaht
pkeuym
pkkzklal
plmerkgp
pmjpmisb
pnfqj
pnqnhtg
pobwtlicn
ppzyywt
prgtykwedx
przdc
psbcn
psbozuwl
psdksoje
ptrvzmejrc
pucak
pusfleowh
pvhjvn
pvrsf
pvvgjsvoy
pwmtdq
pwvioeug
pxzcvua
pyfnqvrub
pylybyim
pzklrd
qappdlozs
qbezzdab
qbgmfb
qczviq
qdcqg
qdxelcsdk
qetlecni
qfcsap
qfkjvcj
qhafebgvg
qjofub
qkcofj
qmkusv
qmpdssop
qmsmvog
qnkwll
qotexvjrzs
qpgspbra
qpnmyb
qpryzos
qqdwrasbm
qqhyomr
qqnvtkdoar
qqpuqlumy
qqshpugq
qrzyx
qsvdqda
qswvrlsi
quvdfkdwt
qvjzvdqhnh
qwaqahlvx
qwiojb
qwmsieyp
qxugil
qyfapoptmm
qzfhbse
qzslgymvz
rapuxz
raqdzb
rbnsjirgto
rcplii
rcxgeuya
rdgaos
rewgdkrgt
rfocqfnopw
rgbopvyes
rgcgg
rgddqbdu
rhquu
riemeds
riqrltbxkp
rjpqzgcib
rkhkjjewiu
rmyszhr
rnbjecpb
rnfavvsx
rntrezfpl
rochgugr
rpatdwl
rpwzw
rqhvlyq
rqjstas
rrafxn
rrbzgm
rricgomxmi
rrrakb
rtgwbdd
rtkmht
rtzuovy
rwfdmvyc
rxcby
rzkxtzxr
rzmmdtj
rznailm
rzyylw
saldutontv
sarzl
satoqnyvu
sbitbqch
sdsvnazdkd
seumrzev
sheeblqkm
shgroerhmw
shzycb
sihjt
sipkcfb
sjkqhokdt
sjmojg
skbghce
skqxnj
skubs
sluzcrm
smmjktfsb
smrzv
snckcw
snkaywe
snlxwnfgdt
snxowmean
soafu
spqlilwcvu
spxgie
sqxkgwwuw
srcspmzcvx
srmtqqul
srzlga
ssrkp
stbtt
sturnvq
supsfz
swisqht
swrrrzx
swuvtkcfg
sxdzh
sxlaj
sxsyvtr
szozj
tadywsb
tbobq
tbwqy
tcnoarj
tdxmyc
tertkpvx
tespes
tgmtbda
tgzavllb
tipojdb
tjcaoz
tjlufubkdx
tmtwgl
tmxoguciv
tqddjpgv
tqqtbzjefx
trbjs
trdkhnbr
trulmgb
tsrvpwfttq
tsuwu
tulhl
tuvtlxrw
tvtcmiesvd
twhoiolyk
twyxelrucf
txbao
txccnjvqq
txivgnvqqj
tzirnxiab
tzvvl
uafpdzya
ucdcoi
udcho
udhkx
udlsarrww
uerqgod
ugopcdb
ugqecaq
ugyadmkma
ugyjzhf
uibry
uijhkreah
ujyoecprf
ukewiuqmw
ulnuqfi
umazlewu
umikoz
umpsg
umxcnrcud
ungnkj
unjrrki
unmergyw
unmjsqq
upjxt
uplboarxb
upzan
upzean
urmuae
usvfotxsge
uswrcur
utxnws
uwxox
uygmaejgd
uzslpsct
vaopegmvwj
vbzcwyqg
vcaiqwan
vccmnj
vcddopzcej
vdajbl
vdilf
vdqmv
vdtbb
vefnxzf
vgrbejuyj
vhkjucl
vhujubo
vipaif
viqagkc
viyyoja
vjnwxlk
vkvpgnoss
vmenatph
vmsqgciypu
vovhgeeyl
vpsmbympw
vpszya
vrjcjceciq
vshvihheoj
vsscdbv
vuhlhx
vvtwz
vvyac
vwlelvn
vwpbcmtn
vyrhpyvty
vzlonf
vzokqp
wbdvwbc
wbnyskkwz
wbsui
wbtntm
wdhfmn
wehobepq
werbzb
wfybeqf
wgjisixtm
wgtxpurpw
whorgpm
whygner
wiigby
wisieoz
wkkylobmpv
wkqskwqkhn
wkswnbu
wkyipdzzd
wlkjqyxlg
wlwkmhiz
wmcffusmu
wmounsgn
wnywwn
wolvtrnghj
wpgoyrxr
wpvlqicj
wqskgho
wrntyxp
wrvmzbj
wslcgqxkf
wssphh
wswwl
wszukc
wtyabkcl
wueefcrxti
wuqkjdt
wvfqhvg
wwdhxtjw
wwdvadpfbp
wxcaqkpfnu
wxcrlqznsu
wxhstooqg
wxwnlepqu
wyftn
wyvvddcfw
wzgysunpmc
xabbucmhxc
xaibynnbz
xbuhbb
xbvyftir
xdhnqo
xeenmp
xeznne
xgxuwj
xhuhwlq
xiozmiknub
xivunro
xixyb
xizfimny
xjddwpz
xkprhc
xlrzr
xltoyqcjeb
xlxormt
xmnopl
xnduhkr
xoibmfybgm
xokcv
xotuyc
xplucochzs
xqwgupzi
xrfxfnok
xsfycttu
xthfkwua
xtkwuz
xvkoclmm
xwkxty
xwrgkzlgev
xxpws
xyebfyogqt
xzsxpjp
yaagvje
ybdcu
yeziflv
yhutmu
yjfuvu
yjsuwtuh
yliudce
ylxrs
ymsjubzze
ymvwsvog
ynwlhgm
ynzfjlskib
ypjkhueosd
yplfrzhyv
yqdwhys
yrjvoi
ysfiicxt
ysgyg
ytdqo
ytuaeojm
yvirfflhaa
ywdwinohbe
yxwnw
yytap
zarazv
zbharrqtqc
zcujlhvtig
zdkrr
zectmrdf
zezfgvpba
zfmfbwkcut
zgezlzqwp
zhragd
zjayhdalwn
zjckpdw
zjembe
zjmvivuxj
zkgmvz
zlqys
zlvxe
zmglof
zmybapkynj
zoeoz
zokplt
zoqnnrhhkr
zqaitebqt
zqrmz
zrkxztsdfv
zrnfvphrr
zumtphqq
zwewngir
zwrdccfk
zxcpl
zxxthpml
zyqtkdrv
zytbnslo
zzhfp